C:\Users\Administrator\AppData\Local\Programs\Python\Python310\lib\site-packages\urllib3\connectionpool.py:1097: InsecureRequestWarning: Unverified HTTPS request is being made to host '127.0.0.1'. Adding certificate verification is strongly advised. See: https://urllib3.readthedocs.io/en/latest/advanced-usage.html#tls-warnings
  warnings.warn(
C:\Users\Administrator\AppData\Local\Programs\Python\Python310\lib\site-packages\urllib3\connectionpool.py:1097: InsecureRequestWarning: Unverified HTTPS request is being made to host '127.0.0.1'. Adding certificate verification is strongly advised. See: https://urllib3.readthedocs.io/en/latest/advanced-usage.html#tls-warnings
  warnings.warn(
C:\Users\Administrator\AppData\Local\Programs\Python\Python310\lib\site-packages\urllib3\connectionpool.py:1097: InsecureRequestWarning: Unverified HTTPS request is being made to host '127.0.0.1'. Adding certificate verification is strongly advised. See: https://urllib3.readthedocs.io/en/latest/advanced-usage.html#tls-warnings
  warnings.warn(
C:\Users\Administrator\AppData\Local\Programs\Python\Python310\lib\site-packages\urllib3\connectionpool.py:1097: InsecureRequestWarning: Unverified HTTPS request is being made to host '127.0.0.1'. Adding certificate verification is strongly advised. See: https://urllib3.readthedocs.io/en/latest/advanced-usage.html#tls-warnings
  warnings.warn(
[双跑 1/9] 战胜澳彩
[双跑 2/9] 醉梦人生
C:\Users\Administrator\AppData\Local\Programs\Python\Python310\lib\site-packages\urllib3\connectionpool.py:1097: InsecureRequestWarning: Unverified HTTPS request is being made to host '127.0.0.1'. Adding certificate verification is strongly advised. See: https://urllib3.readthedocs.io/en/latest/advanced-usage.html#tls-warnings
  warnings.warn(
C:\Users\Administrator\AppData\Local\Programs\Python\Python310\lib\site-packages\urllib3\connectionpool.py:1097: InsecureRequestWarning: Unverified HTTPS request is being made to host '127.0.0.1'. Adding certificate verification is strongly advised. See: https://urllib3.readthedocs.io/en/latest/advanced-usage.html#tls-warnings
  warnings.warn(
C:\Users\Administrator\AppData\Local\Programs\Python\Python310\lib\site-packages\urllib3\connectionpool.py:1097: InsecureRequestWarning: Unverified HTTPS request is being made to host '127.0.0.1'. Adding certificate verification is strongly advised. See: https://urllib3.readthedocs.io/en/latest/advanced-usage.html#tls-warnings
  warnings.warn(
C:\Users\Administrator\AppData\Local\Programs\Python\Python310\lib\site-packages\urllib3\connectionpool.py:1097: InsecureRequestWarning: Unverified HTTPS request is being made to host '127.0.0.1'. Adding certificate verification is strongly advised. See: https://urllib3.readthedocs.io/en/latest/advanced-usage.html#tls-warnings
  warnings.warn(
[双跑 3/9] 云过天空
[双跑 4/9] 黑白分明
C:\Users\Administrator\AppData\Local\Programs\Python\Python310\lib\site-packages\urllib3\connectionpool.py:1097: InsecureRequestWarning: Unverified HTTPS request is being made to host '127.0.0.1'. Adding certificate verification is strongly advised. See: https://urllib3.readthedocs.io/en/latest/advanced-usage.html#tls-warnings
  warnings.warn(
C:\Users\Administrator\AppData\Local\Programs\Python\Python310\lib\site-packages\urllib3\connectionpool.py:1097: InsecureRequestWarning: Unverified HTTPS request is being made to host '127.0.0.1'. Adding certificate verification is strongly advised. See: https://urllib3.readthedocs.io/en/latest/advanced-usage.html#tls-warnings
  warnings.warn(
C:\Users\Administrator\AppData\Local\Programs\Python\Python310\lib\site-packages\urllib3\connectionpool.py:1097: InsecureRequestWarning: Unverified HTTPS request is being made to host '127.0.0.1'. Adding certificate verification is strongly advised. See: https://urllib3.readthedocs.io/en/latest/advanced-usage.html#tls-warnings
  warnings.warn(
C:\Users\Administrator\AppData\Local\Programs\Python\Python310\lib\site-packages\urllib3\connectionpool.py:1097: InsecureRequestWarning: Unverified HTTPS request is being made to host '127.0.0.1'. Adding certificate verification is strongly advised. See: https://urllib3.readthedocs.io/en/latest/advanced-usage.html#tls-warnings
  warnings.warn(
[双跑 5/9] 四海兄弟
[双跑 6/9] 夹枪带棒
C:\Users\Administrator\AppData\Local\Programs\Python\Python310\lib\site-packages\urllib3\connectionpool.py:1097: InsecureRequestWarning: Unverified HTTPS request is being made to host '127.0.0.1'. Adding certificate verification is strongly advised. See: https://urllib3.readthedocs.io/en/latest/advanced-usage.html#tls-warnings
  warnings.warn(
C:\Users\Administrator\AppData\Local\Programs\Python\Python310\lib\site-packages\urllib3\connectionpool.py:1097: InsecureRequestWarning: Unverified HTTPS request is being made to host '127.0.0.1'. Adding certificate verification is strongly advised. See: https://urllib3.readthedocs.io/en/latest/advanced-usage.html#tls-warnings
  warnings.warn(
C:\Users\Administrator\AppData\Local\Programs\Python\Python310\lib\site-packages\urllib3\connectionpool.py:1097: InsecureRequestWarning: Unverified HTTPS request is being made to host '127.0.0.1'. Adding certificate verification is strongly advised. See: https://urllib3.readthedocs.io/en/latest/advanced-usage.html#tls-warnings
  warnings.warn(
C:\Users\Administrator\AppData\Local\Programs\Python\Python310\lib\site-packages\urllib3\connectionpool.py:1097: InsecureRequestWarning: Unverified HTTPS request is being made to host '127.0.0.1'. Adding certificate verification is strongly advised. See: https://urllib3.readthedocs.io/en/latest/advanced-usage.html#tls-warnings
  warnings.warn(
[双跑 7/9] 财到来料
[双跑 8/9] 兰韵犹芳
C:\Users\Administrator\AppData\Local\Programs\Python\Python310\lib\site-packages\urllib3\connectionpool.py:1097: InsecureRequestWarning: Unverified HTTPS request is being made to host '127.0.0.1'. Adding certificate verification is strongly advised. See: https://urllib3.readthedocs.io/en/latest/advanced-usage.html#tls-warnings
  warnings.warn(
C:\Users\Administrator\AppData\Local\Programs\Python\Python310\lib\site-packages\urllib3\connectionpool.py:1097: InsecureRequestWarning: Unverified HTTPS request is being made to host '127.0.0.1'. Adding certificate verification is strongly advised. See: https://urllib3.readthedocs.io/en/latest/advanced-usage.html#tls-warnings
  warnings.warn(
[双跑 9/9] 典则俊雅
{
  "period": 211,
  "cache_written": false,
  "formal_txt_written": false,
  "offset": 144,
  "limit": 9,
  "workers": 2,
  "complete": true,
  "elapsed_seconds": 9.234,
  "names": [
    "醉梦人生",
    "战胜澳彩",
    "云过天空",
    "黑白分明",
    "四海兄弟",
    "夹枪带棒",
    "财到来料",
    "兰韵犹芳",
    "典则俊雅"
  ],
  "rows": [
    {
      "name": "醉梦人生",
      "url": "https://mbsqhpk.8ivvt-u3cx5-enwlld.xyz:29400/article/manager/6a33d03ddfa16552b923d05c?url=lhzj",
      "period": 211,
      "new_status": "success",
      "new_wuxing": "木行",
      "new_reason": "",
      "new_elapsed_seconds": 1.0,
      "old_status": "success",
      "old_wuxing": "木行",
      "old_reason": "",
      "old_elapsed_seconds": 0.953,
      "same_result": true
    },
    {
      "name": "战胜澳彩",
      "url": "https://mbsqhpk.8ivvt-u3cx5-enwlld.xyz:29400/article/manager/6a33d060dfa16552b923d061?url=lhzj",
      "period": 211,
      "new_status": "success",
      "new_wuxing": "水行",
      "new_reason": "",
      "new_elapsed_seconds": 0.984,
      "old_status": "success",
      "old_wuxing": "水行",
      "old_reason": "",
      "old_elapsed_seconds": 0.844,
      "same_result": true
    },
    {
      "name": "云过天空",
      "url": "https://rmpsmal.hi84f-zpj90-mvqksp.xyz:29477/article/manager/6a32717e621d58df1e1bbfc2?url=jfh",
      "period": 211,
      "new_status": "success",
      "new_wuxing": "金行",
      "new_reason": "",
      "new_elapsed_seconds": 0.891,
      "old_status": "success",
      "old_wuxing": "金行",
      "old_reason": "",
      "old_elapsed_seconds": 0.906,
      "same_result": true
    },
    {
      "name": "黑白分明",
      "url": "https://xjsjbkv.b3e4x-wxhjo-lbdbjg.xyz:29477/article/manager/6a323b97f21d7a093399eeeb?url=jbx",
      "period": 211,
      "new_status": "success",
      "new_wuxing": "火行",
      "new_reason": "",
      "new_elapsed_seconds": 0.828,
      "old_status": "success",
      "old_wuxing": "火行",
      "old_reason": "",
      "old_elapsed_seconds": 0.985,
      "same_result": true
    },
    {
      "name": "四海兄弟",
      "url": "https://xjsjbkv.b3e4x-wxhjo-lbdbjg.xyz:29477/article/manager/6a324f8ad2455bc872d9a63f?url=jbx",
      "period": 211,
      "new_status": "success",
      "new_wuxing": "火行",
      "new_reason": "",
      "new_elapsed_seconds": 0.953,
      "old_status": "success",
      "old_wuxing": "火行",
      "old_reason": "",
      "old_elapsed_seconds": 0.906,
      "same_result": true
    },
    {
      "name": "夹枪带棒",
      "url": "https://xjsjbkv.b3e4x-wxhjo-lbdbjg.xyz:29477/article/manager/6a397a60018539c611cb8977?url=jbx",
      "period": 211,
      "new_status": "success",
      "new_wuxing": "金行",
      "new_reason": "",
      "new_elapsed_seconds": 0.875,
      "old_status": "success",
      "old_wuxing": "金行",
      "old_reason": "",
      "old_elapsed_seconds": 0.937,
      "same_result": true
    },
    {
      "name": "财到来料",
      "url": "https://xjsjbkv.b3e4x-wxhjo-lbdbjg.xyz:29477/article/manager/6a451a5157dc857ae1be5256?url=jbx",
      "period": 211,
      "new_status": "success",
      "new_wuxing": "水行",
      "new_reason": "",
      "new_elapsed_seconds": 0.954,
      "old_status": "success",
      "old_wuxing": "水行",
      "old_reason": "",
      "old_elapsed_seconds": 0.937,
      "same_result": true
    },
    {
      "name": "兰韵犹芳",
      "url": "https://xjsjbkv.b3e4x-wxhjo-lbdbjg.xyz:29477/article/manager/6a326fedc50767750c400757?url=jbx",
      "period": 211,
      "new_status": "success",
      "new_wuxing": "木行",
      "new_reason": "",
      "new_elapsed_seconds": 0.906,
      "old_status": "success",
      "old_wuxing": "木行",
      "old_reason": "",
      "old_elapsed_seconds": 0.985,
      "same_result": true
    },
    {
      "name": "典则俊雅",
      "url": "https://wigrzse.3acpt-tc9xa-kzxasm.xyz:29444/article/manager/6a20da1dca6da63e15d01fc8?url=pg",
      "period": 211,
      "new_status": "success",
      "new_wuxing": "火行",
      "new_reason": "",
      "new_elapsed_seconds": 0.969,
      "old_status": "success",
      "old_wuxing": "火行",
      "old_reason": "",
      "old_elapsed_seconds": 0.89,
      "same_result": true
    }
  ],
  "same_count": 9,
  "difference_count": 0
}
